2025-09-11 15:10:01,378:INFO: Loading the datasets...
2025-09-11 15:15:48,916:INFO: Loading the datasets...
2025-09-11 15:18:49,556:INFO: - Done.
2025-09-11 15:43:23,978:INFO: Loading the datasets...
2025-09-11 15:43:25,406:INFO: - Done.
2025-09-11 15:43:52,162:INFO: Loading the datasets...
2025-09-11 15:43:53,529:INFO: - Done.
2025-09-11 15:44:38,158:INFO: Loading the datasets...
2025-09-11 15:44:39,529:INFO: - Done.
2025-09-11 15:45:08,576:INFO: Loading the datasets...
2025-09-11 15:45:09,935:INFO: - Done.
2025-09-11 15:45:09,987:INFO: Total params: 3.35M
2025-09-11 15:45:09,989:INFO: Starting training for 300 epoch(s)
2025-09-11 15:45:09,991:INFO: Epoch 1/300
2025-09-11 15:50:36,272:INFO: Loading the datasets...
2025-09-11 15:50:37,649:INFO: - Done.
2025-09-11 15:50:37,701:INFO: Total params: 3.35M
2025-09-11 15:50:37,702:INFO: Starting training for 300 epoch(s)
2025-09-11 15:50:37,705:INFO: Epoch 1/300
2025-09-11 15:57:26,965:INFO: Loading the datasets...
2025-09-11 15:57:28,311:INFO: - Done.
2025-09-11 15:57:28,362:INFO: Total params: 3.35M
2025-09-11 15:57:28,364:INFO: Starting training for 300 epoch(s)
2025-09-11 15:57:28,365:INFO: Epoch 1/300
2025-09-11 16:03:54,407:INFO: - Train metrics: train_loss: 30.690 ; train_true_loss: 30.672 ; train_group_ekd_loss: 0.005 ; train_group_dkd_loss: 0.013 ; train_accTop1_target: 4.029 ; time: 386.037 ; train_acc_target: 4.029 ; train_acc_aux1: 3.554 ; train_acc_aux2: 2.525 ; train_acc_aux3: 2.064 ; train_acc_afm0: 4.174 ; train_acc_afm1: 4.156 ; train_acc_afm2: 4.118
2025-09-11 16:04:46,890:INFO: - Test metrics: test_loss: 29.363 ; test_true_loss: 29.346 ; test_group_ekd_loss: 0.005 ; test_group_dkd_loss: 0.013 ; test_accTop1_target: 6.477 ; time: 52.478 ; test_acc_target: 6.477 ; test_acc_aux1: 5.014 ; test_acc_aux2: 2.898 ; test_acc_aux3: 3.145 ; test_accTop1_afm0: 5.953 ; test_accTop1_afm1: 5.746 ; test_accTop1_afm2: 5.716
2025-09-11 16:04:46,977:INFO: - Found better accuracy
2025-09-11 16:04:47,011:INFO: Epoch 2/300
2025-09-11 16:11:14,214:INFO: - Train metrics: train_loss: 26.511 ; train_true_loss: 26.480 ; train_group_ekd_loss: 0.009 ; train_group_dkd_loss: 0.022 ; train_accTop1_target: 11.717 ; time: 387.199 ; train_acc_target: 11.717 ; train_acc_aux1: 10.714 ; train_acc_aux2: 8.234 ; train_acc_aux3: 5.983 ; train_acc_afm0: 12.566 ; train_acc_afm1: 12.516 ; train_acc_afm2: 12.518
2025-09-11 16:12:09,723:INFO: - Test metrics: test_loss: 24.859 ; test_true_loss: 24.834 ; test_group_ekd_loss: 0.007 ; test_group_dkd_loss: 0.018 ; test_accTop1_target: 16.663 ; time: 55.501 ; test_acc_target: 16.663 ; test_acc_aux1: 14.438 ; test_acc_aux2: 11.056 ; test_acc_aux3: 8.831 ; test_accTop1_afm0: 17.257 ; test_accTop1_afm1: 17.178 ; test_accTop1_afm2: 17.089
2025-09-11 16:12:09,792:INFO: - Found better accuracy
2025-09-11 16:12:09,838:INFO: Epoch 3/300
2025-09-19 19:07:42,327:INFO: Loading the datasets...
2025-09-19 19:07:44,549:INFO: - Done.
2025-09-19 19:07:44,671:INFO: Total params: 3.35M
2025-09-19 19:07:44,674:INFO: Starting training for 300 epoch(s)
2025-09-19 19:07:44,704:INFO: Epoch 1/300
